| test.c:7:17:7:22 | call to malloc | test.c:7:24:7:26 | 100 | test.c:8:5:8:10 | access to array | 0.0 | test.c:8:9:8:9 | 0 | 100 | test.c:7:24:7:26 | 100 |
| test.c:7:17:7:22 | call to malloc | test.c:7:24:7:26 | 100 | test.c:9:5:9:11 | access to array | 99.0 | test.c:9:9:9:10 | 99 | 100 | test.c:7:24:7:26 | 100 |
| test.c:7:17:7:22 | call to malloc | test.c:7:24:7:26 | 100 | test.c:10:5:10:12 | access to array | 100.0 | test.c:10:9:10:11 | 100 | 100 | test.c:7:24:7:26 | 100 |
| test.c:16:17:16:22 | call to malloc | test.c:15:26:15:28 | 100 | test.c:17:5:17:10 | access to array | 0.0 | test.c:17:9:17:9 | 0 | 100 | test.c:15:26:15:28 | 100 |
| test.c:16:17:16:22 | call to malloc | test.c:15:26:15:28 | 100 | test.c:18:5:18:11 | access to array | 99.0 | test.c:18:9:18:10 | 99 | 100 | test.c:15:26:15:28 | 100 |
| test.c:16:17:16:22 | call to malloc | test.c:15:26:15:28 | 100 | test.c:19:5:19:17 | access to array | 99.0 | test.c:19:9:19:16 | ... - ... | 100 | test.c:15:26:15:28 | 100 |
| test.c:16:17:16:22 | call to malloc | test.c:15:26:15:28 | 100 | test.c:20:5:20:12 | access to array | 100.0 | test.c:20:9:20:11 | 100 | 100 | test.c:15:26:15:28 | 100 |
| test.c:16:17:16:22 | call to malloc | test.c:15:26:15:28 | 100 | test.c:21:5:21:13 | access to array | 100.0 | test.c:21:9:21:12 | size | 100 | test.c:15:26:15:28 | 100 |
| test.c:28:17:28:22 | call to malloc | test.c:26:39:26:41 | 100 | test.c:35:5:35:10 | access to array | 0.0 | test.c:35:9:35:9 | 0 | 100 | test.c:26:39:26:41 | 100 |
| test.c:28:17:28:22 | call to malloc | test.c:26:39:26:41 | 100 | test.c:35:5:35:10 | access to array | 0.0 | test.c:35:9:35:9 | 0 | 200 | test.c:26:45:26:47 | 200 |
| test.c:28:17:28:22 | call to malloc | test.c:26:39:26:41 | 100 | test.c:36:5:36:11 | access to array | 99.0 | test.c:36:9:36:10 | 99 | 100 | test.c:26:39:26:41 | 100 |
| test.c:28:17:28:22 | call to malloc | test.c:26:39:26:41 | 100 | test.c:36:5:36:11 | access to array | 99.0 | test.c:36:9:36:10 | 99 | 200 | test.c:26:45:26:47 | 200 |
| test.c:28:17:28:22 | call to malloc | test.c:26:39:26:41 | 100 | test.c:37:5:37:17 | access to array | 299.0 | test.c:37:9:37:16 | ... - ... | 100 | test.c:26:39:26:41 | 100 |
| test.c:28:17:28:22 | call to malloc | test.c:26:39:26:41 | 100 | test.c:37:5:37:17 | access to array | 299.0 | test.c:37:9:37:16 | ... - ... | 200 | test.c:26:45:26:47 | 200 |
| test.c:28:17:28:22 | call to malloc | test.c:26:39:26:41 | 100 | test.c:38:5:38:12 | access to array | 100.0 | test.c:38:9:38:11 | 100 | 100 | test.c:26:39:26:41 | 100 |
| test.c:28:17:28:22 | call to malloc | test.c:26:39:26:41 | 100 | test.c:38:5:38:12 | access to array | 100.0 | test.c:38:9:38:11 | 100 | 200 | test.c:26:45:26:47 | 200 |
| test.c:28:17:28:22 | call to malloc | test.c:26:39:26:41 | 100 | test.c:39:5:39:13 | access to array | 300.0 | test.c:39:9:39:12 | size | 100 | test.c:26:39:26:41 | 100 |
| test.c:28:17:28:22 | call to malloc | test.c:26:39:26:41 | 100 | test.c:39:5:39:13 | access to array | 300.0 | test.c:39:9:39:12 | size | 200 | test.c:26:45:26:47 | 200 |
| test.c:28:17:28:22 | call to malloc | test.c:26:39:26:41 | 100 | test.c:43:9:43:17 | access to array | 198.0 | test.c:43:13:43:16 | size | 100 | test.c:26:39:26:41 | 100 |
| test.c:28:17:28:22 | call to malloc | test.c:26:39:26:41 | 100 | test.c:43:9:43:17 | access to array | 198.0 | test.c:43:13:43:16 | size | 200 | test.c:26:45:26:47 | 200 |
| test.c:28:17:28:22 | call to malloc | test.c:26:39:26:41 | 100 | test.c:44:9:44:21 | access to array | 199.0 | test.c:44:13:44:20 | ... + ... | 100 | test.c:26:39:26:41 | 100 |
| test.c:28:17:28:22 | call to malloc | test.c:26:39:26:41 | 100 | test.c:44:9:44:21 | access to array | 199.0 | test.c:44:13:44:20 | ... + ... | 200 | test.c:26:45:26:47 | 200 |
| test.c:28:17:28:22 | call to malloc | test.c:26:39:26:41 | 100 | test.c:45:9:45:21 | access to array | 200.0 | test.c:45:13:45:20 | ... + ... | 100 | test.c:26:39:26:41 | 100 |
| test.c:28:17:28:22 | call to malloc | test.c:26:39:26:41 | 100 | test.c:45:9:45:21 | access to array | 200.0 | test.c:45:13:45:20 | ... + ... | 200 | test.c:26:45:26:47 | 200 |
| test.c:28:17:28:22 | call to malloc | test.c:26:45:26:47 | 200 | test.c:35:5:35:10 | access to array | 0.0 | test.c:35:9:35:9 | 0 | 100 | test.c:26:39:26:41 | 100 |
| test.c:28:17:28:22 | call to malloc | test.c:26:45:26:47 | 200 | test.c:35:5:35:10 | access to array | 0.0 | test.c:35:9:35:9 | 0 | 200 | test.c:26:45:26:47 | 200 |
| test.c:28:17:28:22 | call to malloc | test.c:26:45:26:47 | 200 | test.c:36:5:36:11 | access to array | 99.0 | test.c:36:9:36:10 | 99 | 100 | test.c:26:39:26:41 | 100 |
| test.c:28:17:28:22 | call to malloc | test.c:26:45:26:47 | 200 | test.c:36:5:36:11 | access to array | 99.0 | test.c:36:9:36:10 | 99 | 200 | test.c:26:45:26:47 | 200 |
| test.c:28:17:28:22 | call to malloc | test.c:26:45:26:47 | 200 | test.c:37:5:37:17 | access to array | 299.0 | test.c:37:9:37:16 | ... - ... | 100 | test.c:26:39:26:41 | 100 |
| test.c:28:17:28:22 | call to malloc | test.c:26:45:26:47 | 200 | test.c:37:5:37:17 | access to array | 299.0 | test.c:37:9:37:16 | ... - ... | 200 | test.c:26:45:26:47 | 200 |
| test.c:28:17:28:22 | call to malloc | test.c:26:45:26:47 | 200 | test.c:38:5:38:12 | access to array | 100.0 | test.c:38:9:38:11 | 100 | 100 | test.c:26:39:26:41 | 100 |
| test.c:28:17:28:22 | call to malloc | test.c:26:45:26:47 | 200 | test.c:38:5:38:12 | access to array | 100.0 | test.c:38:9:38:11 | 100 | 200 | test.c:26:45:26:47 | 200 |
| test.c:28:17:28:22 | call to malloc | test.c:26:45:26:47 | 200 | test.c:39:5:39:13 | access to array | 300.0 | test.c:39:9:39:12 | size | 100 | test.c:26:39:26:41 | 100 |
| test.c:28:17:28:22 | call to malloc | test.c:26:45:26:47 | 200 | test.c:39:5:39:13 | access to array | 300.0 | test.c:39:9:39:12 | size | 200 | test.c:26:45:26:47 | 200 |
| test.c:28:17:28:22 | call to malloc | test.c:26:45:26:47 | 200 | test.c:43:9:43:17 | access to array | 198.0 | test.c:43:13:43:16 | size | 100 | test.c:26:39:26:41 | 100 |
| test.c:28:17:28:22 | call to malloc | test.c:26:45:26:47 | 200 | test.c:43:9:43:17 | access to array | 198.0 | test.c:43:13:43:16 | size | 200 | test.c:26:45:26:47 | 200 |
| test.c:28:17:28:22 | call to malloc | test.c:26:45:26:47 | 200 | test.c:44:9:44:21 | access to array | 199.0 | test.c:44:13:44:20 | ... + ... | 100 | test.c:26:39:26:41 | 100 |
| test.c:28:17:28:22 | call to malloc | test.c:26:45:26:47 | 200 | test.c:44:9:44:21 | access to array | 199.0 | test.c:44:13:44:20 | ... + ... | 200 | test.c:26:45:26:47 | 200 |
| test.c:28:17:28:22 | call to malloc | test.c:26:45:26:47 | 200 | test.c:45:9:45:21 | access to array | 200.0 | test.c:45:13:45:20 | ... + ... | 100 | test.c:26:39:26:41 | 100 |
| test.c:28:17:28:22 | call to malloc | test.c:26:45:26:47 | 200 | test.c:45:9:45:21 | access to array | 200.0 | test.c:45:13:45:20 | ... + ... | 200 | test.c:26:45:26:47 | 200 |
| test.c:63:17:63:22 | call to malloc | test.c:55:22:55:24 | 200 | test.c:65:5:65:10 | access to array | 0.0 | test.c:65:9:65:9 | 0 | 200 | test.c:55:22:55:24 | 200 |
| test.c:63:17:63:22 | call to malloc | test.c:55:22:55:24 | 200 | test.c:66:5:66:12 | access to array | 100.0 | test.c:66:9:66:11 | 100 | 200 | test.c:55:22:55:24 | 200 |
| test.c:63:17:63:22 | call to malloc | test.c:55:22:55:24 | 200 | test.c:67:5:67:12 | access to array | 200.0 | test.c:67:9:67:11 | 200 | 200 | test.c:55:22:55:24 | 200 |
| test.c:63:17:63:22 | call to malloc | test.c:55:22:55:24 | 200 | test.c:68:5:68:23 | access to array | 1.8446744073709552E19 | test.c:68:9:68:22 | ... - ... | 200 | test.c:55:22:55:24 | 200 |
| test.c:63:17:63:22 | call to malloc | test.c:55:22:55:24 | 200 | test.c:69:5:69:19 | access to array | 1.8446744073709552E19 | test.c:69:9:69:18 | alloc_size | 200 | test.c:55:22:55:24 | 200 |
| test.c:63:17:63:22 | call to malloc | test.c:55:22:55:24 | 200 | test.c:73:9:73:23 | access to array | 198.0 | test.c:73:13:73:22 | alloc_size | 200 | test.c:55:22:55:24 | 200 |
| test.c:63:17:63:22 | call to malloc | test.c:55:22:55:24 | 200 | test.c:74:9:74:27 | access to array | 199.0 | test.c:74:13:74:26 | ... + ... | 200 | test.c:55:22:55:24 | 200 |
| test.c:63:17:63:22 | call to malloc | test.c:55:22:55:24 | 200 | test.c:75:9:75:27 | access to array | 200.0 | test.c:75:13:75:26 | ... + ... | 200 | test.c:55:22:55:24 | 200 |
