| test.c:7:17:7:22 | call to malloc | test.c:7:24:7:26 | 100 | test.c:8:5:8:10 | access to array | 0.0 | test.c:7:24:7:26 | 100 | 100 | 0.0 |
| test.c:7:17:7:22 | call to malloc | test.c:7:24:7:26 | 100 | test.c:9:5:9:11 | access to array | 99.0 | test.c:7:24:7:26 | 100 | 100 | 99.0 |
| test.c:7:17:7:22 | call to malloc | test.c:7:24:7:26 | 100 | test.c:10:5:10:12 | access to array | 100.0 | test.c:7:24:7:26 | 100 | 100 | 100.0 |
| test.c:16:17:16:22 | call to malloc | test.c:15:26:15:28 | 100 | test.c:17:5:17:10 | access to array | 0.0 | test.c:15:26:15:28 | 100 | 100 | 0.0 |
| test.c:16:17:16:22 | call to malloc | test.c:15:26:15:28 | 100 | test.c:18:5:18:11 | access to array | 99.0 | test.c:15:26:15:28 | 100 | 100 | 99.0 |
| test.c:16:17:16:22 | call to malloc | test.c:15:26:15:28 | 100 | test.c:19:5:19:17 | access to array | 99.0 | test.c:15:26:15:28 | 100 | 100 | 99.0 |
| test.c:16:17:16:22 | call to malloc | test.c:15:26:15:28 | 100 | test.c:20:5:20:12 | access to array | 100.0 | test.c:15:26:15:28 | 100 | 100 | 100.0 |
| test.c:16:17:16:22 | call to malloc | test.c:15:26:15:28 | 100 | test.c:21:5:21:13 | access to array | 100.0 | test.c:15:26:15:28 | 100 | 100 | 100.0 |
| test.c:28:17:28:22 | call to malloc | test.c:26:39:26:41 | 100 | test.c:35:5:35:10 | access to array | 0.0 | test.c:26:39:26:41 | 100 | 100 | 0.0 |
| test.c:28:17:28:22 | call to malloc | test.c:26:39:26:41 | 100 | test.c:35:5:35:10 | access to array | 0.0 | test.c:26:45:26:47 | 200 | 200 | 0.0 |
| test.c:28:17:28:22 | call to malloc | test.c:26:39:26:41 | 100 | test.c:36:5:36:11 | access to array | 99.0 | test.c:26:39:26:41 | 100 | 100 | 99.0 |
| test.c:28:17:28:22 | call to malloc | test.c:26:39:26:41 | 100 | test.c:36:5:36:11 | access to array | 99.0 | test.c:26:45:26:47 | 200 | 200 | 99.0 |
| test.c:28:17:28:22 | call to malloc | test.c:26:39:26:41 | 100 | test.c:37:5:37:17 | access to array | 299.0 | test.c:26:39:26:41 | 100 | 100 | 299.0 |
| test.c:28:17:28:22 | call to malloc | test.c:26:39:26:41 | 100 | test.c:37:5:37:17 | access to array | 299.0 | test.c:26:45:26:47 | 200 | 200 | 299.0 |
| test.c:28:17:28:22 | call to malloc | test.c:26:39:26:41 | 100 | test.c:38:5:38:12 | access to array | 100.0 | test.c:26:39:26:41 | 100 | 100 | 100.0 |
| test.c:28:17:28:22 | call to malloc | test.c:26:39:26:41 | 100 | test.c:38:5:38:12 | access to array | 100.0 | test.c:26:45:26:47 | 200 | 200 | 100.0 |
| test.c:28:17:28:22 | call to malloc | test.c:26:39:26:41 | 100 | test.c:39:5:39:13 | access to array | 300.0 | test.c:26:39:26:41 | 100 | 100 | 300.0 |
| test.c:28:17:28:22 | call to malloc | test.c:26:39:26:41 | 100 | test.c:39:5:39:13 | access to array | 300.0 | test.c:26:45:26:47 | 200 | 200 | 300.0 |
| test.c:28:17:28:22 | call to malloc | test.c:26:39:26:41 | 100 | test.c:43:9:43:17 | access to array | 198.0 | test.c:26:39:26:41 | 100 | 100 | 198.0 |
| test.c:28:17:28:22 | call to malloc | test.c:26:39:26:41 | 100 | test.c:43:9:43:17 | access to array | 198.0 | test.c:26:45:26:47 | 200 | 200 | 198.0 |
| test.c:28:17:28:22 | call to malloc | test.c:26:39:26:41 | 100 | test.c:44:9:44:21 | access to array | 199.0 | test.c:26:39:26:41 | 100 | 100 | 199.0 |
| test.c:28:17:28:22 | call to malloc | test.c:26:39:26:41 | 100 | test.c:44:9:44:21 | access to array | 199.0 | test.c:26:45:26:47 | 200 | 200 | 199.0 |
| test.c:28:17:28:22 | call to malloc | test.c:26:39:26:41 | 100 | test.c:45:9:45:21 | access to array | 200.0 | test.c:26:39:26:41 | 100 | 100 | 200.0 |
| test.c:28:17:28:22 | call to malloc | test.c:26:39:26:41 | 100 | test.c:45:9:45:21 | access to array | 200.0 | test.c:26:45:26:47 | 200 | 200 | 200.0 |
| test.c:28:17:28:22 | call to malloc | test.c:26:45:26:47 | 200 | test.c:35:5:35:10 | access to array | 0.0 | test.c:26:39:26:41 | 100 | 100 | 0.0 |
| test.c:28:17:28:22 | call to malloc | test.c:26:45:26:47 | 200 | test.c:35:5:35:10 | access to array | 0.0 | test.c:26:45:26:47 | 200 | 200 | 0.0 |
| test.c:28:17:28:22 | call to malloc | test.c:26:45:26:47 | 200 | test.c:36:5:36:11 | access to array | 99.0 | test.c:26:39:26:41 | 100 | 100 | 99.0 |
| test.c:28:17:28:22 | call to malloc | test.c:26:45:26:47 | 200 | test.c:36:5:36:11 | access to array | 99.0 | test.c:26:45:26:47 | 200 | 200 | 99.0 |
| test.c:28:17:28:22 | call to malloc | test.c:26:45:26:47 | 200 | test.c:37:5:37:17 | access to array | 299.0 | test.c:26:39:26:41 | 100 | 100 | 299.0 |
| test.c:28:17:28:22 | call to malloc | test.c:26:45:26:47 | 200 | test.c:37:5:37:17 | access to array | 299.0 | test.c:26:45:26:47 | 200 | 200 | 299.0 |
| test.c:28:17:28:22 | call to malloc | test.c:26:45:26:47 | 200 | test.c:38:5:38:12 | access to array | 100.0 | test.c:26:39:26:41 | 100 | 100 | 100.0 |
| test.c:28:17:28:22 | call to malloc | test.c:26:45:26:47 | 200 | test.c:38:5:38:12 | access to array | 100.0 | test.c:26:45:26:47 | 200 | 200 | 100.0 |
| test.c:28:17:28:22 | call to malloc | test.c:26:45:26:47 | 200 | test.c:39:5:39:13 | access to array | 300.0 | test.c:26:39:26:41 | 100 | 100 | 300.0 |
| test.c:28:17:28:22 | call to malloc | test.c:26:45:26:47 | 200 | test.c:39:5:39:13 | access to array | 300.0 | test.c:26:45:26:47 | 200 | 200 | 300.0 |
| test.c:28:17:28:22 | call to malloc | test.c:26:45:26:47 | 200 | test.c:43:9:43:17 | access to array | 198.0 | test.c:26:39:26:41 | 100 | 100 | 198.0 |
| test.c:28:17:28:22 | call to malloc | test.c:26:45:26:47 | 200 | test.c:43:9:43:17 | access to array | 198.0 | test.c:26:45:26:47 | 200 | 200 | 198.0 |
| test.c:28:17:28:22 | call to malloc | test.c:26:45:26:47 | 200 | test.c:44:9:44:21 | access to array | 199.0 | test.c:26:39:26:41 | 100 | 100 | 199.0 |
| test.c:28:17:28:22 | call to malloc | test.c:26:45:26:47 | 200 | test.c:44:9:44:21 | access to array | 199.0 | test.c:26:45:26:47 | 200 | 200 | 199.0 |
| test.c:28:17:28:22 | call to malloc | test.c:26:45:26:47 | 200 | test.c:45:9:45:21 | access to array | 200.0 | test.c:26:39:26:41 | 100 | 100 | 200.0 |
| test.c:28:17:28:22 | call to malloc | test.c:26:45:26:47 | 200 | test.c:45:9:45:21 | access to array | 200.0 | test.c:26:45:26:47 | 200 | 200 | 200.0 |
| test.c:63:17:63:22 | call to malloc | test.c:55:22:55:24 | 200 | test.c:65:5:65:10 | access to array | 0.0 | test.c:55:22:55:24 | 200 | 200 | 0.0 |
| test.c:63:17:63:22 | call to malloc | test.c:55:22:55:24 | 200 | test.c:66:5:66:12 | access to array | 100.0 | test.c:55:22:55:24 | 200 | 200 | 100.0 |
| test.c:63:17:63:22 | call to malloc | test.c:55:22:55:24 | 200 | test.c:67:5:67:12 | access to array | 200.0 | test.c:55:22:55:24 | 200 | 200 | 200.0 |
| test.c:63:17:63:22 | call to malloc | test.c:55:22:55:24 | 200 | test.c:68:5:68:23 | access to array | 1.8446744073709552E19 | test.c:55:22:55:24 | 200 | 200 | 1.8446744073709552E19 |
| test.c:63:17:63:22 | call to malloc | test.c:55:22:55:24 | 200 | test.c:69:5:69:19 | access to array | 1.8446744073709552E19 | test.c:55:22:55:24 | 200 | 200 | 1.8446744073709552E19 |
| test.c:63:17:63:22 | call to malloc | test.c:55:22:55:24 | 200 | test.c:73:9:73:23 | access to array | 198.0 | test.c:55:22:55:24 | 200 | 200 | 198.0 |
| test.c:63:17:63:22 | call to malloc | test.c:55:22:55:24 | 200 | test.c:74:9:74:27 | access to array | 199.0 | test.c:55:22:55:24 | 200 | 200 | 199.0 |
| test.c:63:17:63:22 | call to malloc | test.c:55:22:55:24 | 200 | test.c:75:9:75:27 | access to array | 200.0 | test.c:55:22:55:24 | 200 | 200 | 200.0 |
